// Jest Snapshot v1, https://goo.gl/fbAQLP

exports[`App changes the class when hovered 1`] = `
<div
  id="page-wrap"
>
  <div
    id="top-bar"
  >
    <div
      id="top-bar-content"
    >
      <a
        href="/"
        id="logo"
      />
      <svg
        height="32px"
        id="burger-menu"
        onClick={[Function]}
        version="1.1"
        viewBox="0 0 32 32"
        width="32px"
        xmlSpace="preserve"
        xmlns="http://www.w3.org/2000/svg"
        xmlnsXlink="http://www.w3.org/1999/xlink"
      >
        <path
          d="M4,10h24c1.104,0,2-0.896,2-2s-0.896-2-2-2H4C2.896,6,2,6.896,2,8S2.896,10,4,10z M28,14H4c-1.104,0-2,0.896-2,2  s0.896,2,2,2h24c1.104,0,2-0.896,2-2S29.104,14,28,14z M28,22H4c-1.104,0-2,0.896-2,2s0.896,2,2,2h24c1.104,0,2-0.896,2-2  S29.104,22,28,22z"
        />
      </svg>
    </div>
  </div>
  <div
    id="content"
  >
    <div
      id="filter"
    >
      <div>
        <ul>
          <li>
            <input
              checked={false}
              onChange={[Function]}
              type="checkbox"
            />
             
            Broadband
          </li>
          <li>
            <input
              checked={false}
              onChange={[Function]}
              type="checkbox"
            />
             
            TV
          </li>
          <li>
            <input
              checked={false}
              onChange={[Function]}
              type="checkbox"
            />
             
            Mobile
          </li>
        </ul>
        <div>
          Speed
        </div>
        <select
          onChange={[Function]}
          value="ANY"
        >
          <option
            value="ANY"
          >
            ANY
          </option>
          <option
            value={76}
          >
            76
          </option>
          <option
            value={52}
          >
            52
          </option>
          <option
            value={17}
          >
            17
          </option>
        </select>
      </div>
    </div>
    <div
      id="deals"
    >
      <div
        id="table-header-row"
      >
        <div>
          About
        </div>
        <div>
          contract length
        </div>
        <div>
          speed/usage
        </div>
        <div>
          Offer
        </div>
        <div>
          TV
        </div>
        <div>
          Mobile
        </div>
        <div>
          Cost
        </div>
      </div>
    </div>
  </div>
  <div
    className=""
    id="overlay"
  >
    <div>
      <ul>
        <li>
          <input
            checked={false}
            onChange={[Function]}
            type="checkbox"
          />
           
          Broadband
        </li>
        <li>
          <input
            checked={false}
            onChange={[Function]}
            type="checkbox"
          />
           
          TV
        </li>
        <li>
          <input
            checked={false}
            onChange={[Function]}
            type="checkbox"
          />
           
          Mobile
        </li>
      </ul>
      <div>
        Speed
      </div>
      <select
        onChange={[Function]}
        value="ANY"
      >
        <option
          value="ANY"
        >
          ANY
        </option>
        <option
          value={76}
        >
          76
        </option>
        <option
          value={52}
        >
          52
        </option>
        <option
          value={17}
        >
          17
        </option>
      </select>
    </div>
  </div>
</div>
`;
