// Jest Snapshot v1, https://goo.gl/fbAQLP

exports[`Snapshot test for filter component 1`] = `
<div>
  <ul>
    <li>
      <input
        checked={false}
        onChange={[Function]}
        type="checkbox"
      />
       
      Broadband
    </li>
    <li>
      <input
        checked={false}
        onChange={[Function]}
        type="checkbox"
      />
       
      TV
    </li>
    <li>
      <input
        checked={false}
        onChange={[Function]}
        type="checkbox"
      />
       
      Mobile
    </li>
  </ul>
  <div>
    Speed
  </div>
  <select
    onChange={[Function]}
    value={undefined}
  >
    <option
      value="ANY"
    >
      ANY
    </option>
    <option
      value={76}
    >
      76
    </option>
    <option
      value={52}
    >
      52
    </option>
    <option
      value={17}
    >
      17
    </option>
  </select>
</div>
`;
